# [Day 1: Test Day One](https://adventofcode.com/2015/day/1)

<!-- These are helper text to make formatting the yearly readme consistent and easier...

[Day 1: Test Day One][rm1]
[Go][g1]
[Python][p1]

[rm1]: 01-testDayOne/README.md
[g1]: 01-testDayOne/go
[p1]: 01-testDayOne/py

-->

## Go

```text
    < section intentionally left blank >
```

## Python

```text
    < section intentionally left blank >
```

## 2015 Run Times

![2015 exercise run-time graphs](../run-times.png)
